You reached the start of the range
Nov 28, 2025, 1:16 PM
Starting Container
npm warn config production Use `--omit=dev` instead.
> rest-express@1.0.0 start
> NODE_ENV=production node dist/index.js
file:///app/node_modules/@neondatabase/serverless/index.mjs:1524
queryCallback:u,resultCallback:c,authToken:h}={}){if(!r)throw new Error("No data\
                                                              ^
Error: No database connection string was provided to `neon()`. Perhaps an environment variable has not been set?
    at neon (file:///app/node_modules/@neondatabase/serverless/index.mjs:1524:63)
    at drizzle (file:///app/node_modules/drizzle-orm/neon-http/driver.js:96:22)
    at file:///app/dist/index.js:104:10
    at ModuleJob.run (node:internal/modules/esm/module_job:343:25)
    at async onImport.tracePromise.__proto__ (node:internal/modules/esm/loader:665:26)
    at async asyncRunEntryPointWithESMLoader (node:internal/modules/run_main:117:5)
Node.js v22.21.1
npm warn config production Use `--omit=dev` instead.
> rest-express@1.0.0 start
> NODE_ENV=production node dist/index.js
file:///app/node_modules/@neondatabase/serverless/index.mjs:1524
queryCallback:u,resultCallback:c,authToken:h}={}){if(!r)throw new Error("No data\
                                                              ^
Error: No database connection string was provided to `neon()`. Perhaps an environment variable has not been set?
    at neon (file:///app/node_modules/@neondatabase/serverless/index.mjs:1524:63)
    at drizzle (file:///app/node_modules/drizzle-orm/neon-http/driver.js:96:22)
    at file:///app/dist/index.js:104:10
    at ModuleJob.run (node:internal/modules/esm/module_job:343:25)
    at async onImport.tracePromise.__proto__ (node:internal/modules/esm/loader:665:26)
    at async asyncRunEntryPointWithESMLoader (node:internal/modules/run_main:117:5)
Node.js v22.21.1
npm warn config production Use `--omit=dev` instead.
> rest-express@1.0.0 start
> NODE_ENV=production node dist/index.js
file:///app/node_modules/@neondatabase/serverless/index.mjs:1524
queryCallback:u,resultCallback:c,authToken:h}={}){if(!r)throw new Error("No data\
                                                              ^
Error: No database connection string was provided to `neon()`. Perhaps an environment variable has not been set?
    at neon (file:///app/node_modules/@neondatabase/serverless/index.mjs:1524:63)
    at drizzle (file:///app/node_modules/drizzle-orm/neon-http/driver.js:96:22)
    at file:///app/dist/index.js:104:10
    at ModuleJob.run (node:internal/modules/esm/module_job:343:25)
    at async onImport.tracePromise.__proto__ (node:internal/modules/esm/loader:665:26)
    at async asyncRunEntryPointWithESMLoader (node:internal/modules/run_main:117:5)
Node.js v22.21.1
npm warn config production Use `--omit=dev` instead.
> rest-express@1.0.0 start
> NODE_ENV=production node dist/index.js
file:///app/node_modules/@neondatabase/serverless/index.mjs:1524
queryCallback:u,resultCallback:c,authToken:h}={}){if(!r)throw new Error("No data\
                                                              ^
Error: No database connection string was provided to `neon()`. Perhaps an environment variable has not been set?
    at neon (file:///app/node_modules/@neondatabase/serverless/index.mjs:1524:63)
    at drizzle (file:///app/node_modules/drizzle-orm/neon-http/driver.js:96:22)
    at file:///app/dist/index.js:104:10
    at ModuleJob.run (node:internal/modules/esm/module_job:343:25)
    at async onImport.tracePromise.__proto__ (node:internal/modules/esm/loader:665:26)
    at async asyncRunEntryPointWithESMLoader (node:internal/modules/run_main:117:5)
Node.js v22.21.1
npm warn config production Use `--omit=dev` instead.
> rest-express@1.0.0 start
> NODE_ENV=production node dist/index.js
    at neon (file:///app/node_modules/@neondatabase/serverless/index.mjs:1524:63)
    at drizzle (file:///app/node_modules/drizzle-orm/neon-http/driver.js:96:22)
queryCallback:u,resultCallback:c,authToken:h}={}){if(!r)throw new Error("No data\
    at file:///app/dist/index.js:104:10
                                                              ^
    at ModuleJob.run (node:internal/modules/esm/module_job:343:25)
file:///app/node_modules/@neondatabase/serverless/index.mjs:1524
    at async onImport.tracePromise.__proto__ (node:internal/modules/esm/loader:665:26)
Error: No database connection string was provided to `neon()`. Perhaps an environment variable has not been set?
    at async asyncRunEntryPointWithESMLoader (node:internal/modules/run_main:117:5)
Node.js v22.21.1
npm warn config production Use `--omit=dev` instead.
> rest-express@1.0.0 start
> NODE_ENV=production node dist/index.js
file:///app/node_modules/@neondatabase/serverless/index.mjs:1524
queryCallback:u,resultCallback:c,authToken:h}={}){if(!r)throw new Error("No data\
                                                              ^
Error: No database connection string was provided to `neon()`. Perhaps an environment variable has not been set?
    at neon (file:///app/node_modules/@neondatabase/serverless/index.mjs:1524:63)
    at drizzle (file:///app/node_modules/drizzle-orm/neon-http/driver.js:96:22)
    at file:///app/dist/index.js:104:10
    at ModuleJob.run (node:internal/modules/esm/module_job:343:25)
    at async onImport.tracePromise.__proto__ (node:internal/modules/esm/loader:665:26)
    at async asyncRunEntryPointWithESMLoader (node:internal/modules/run_main:117:5)
Node.js v22.21.1
npm warn config production Use `--omit=dev` instead.
> rest-express@1.0.0 start
> NODE_ENV=production node dist/index.js
